// Jest Snapshot v1, https://goo.gl/fbAQLP

exports[`Testing Main.js Testing Main.js Snapshot 1`] = `"<div id=\\"main\\"><aside id=\\"comment-creator\\"><div id=\\"comment-form-container\\"><div id=\\"comment-form_header\\"><h2>Comments Feed</h2></div><form id=\\"comment-form\\"><div id=\\"comment-form-fieldset\\"><div id=\\"comment-form-name\\"><div class=\\"comment-form-label\\"><label for=\\"comment-name\\">Name:</label></div><div class=\\"comment-form-userinput\\"><input type=\\"text\\" id=\\"comment-name\\" value=\\"\\"/></div></div><div id=\\"comment-form-message\\"><div class=\\"comment-form-label\\"><label for=\\"comment-message\\">Message:</label></div><div class=\\"comment-form-userinput\\"><textarea name=\\"comment-message\\" id=\\"comment-message\\" maxLength=\\"160\\"></textarea></div></div></div><div id=\\"comment-send-button_container\\"><button type=\\"submit\\" disabled=\\"\\"><span>Send</span></button></div></form></div></aside><main id=\\"comments-feed\\"><div id=\\"comments-feed_loadingSpinner\\"><div class=\\"css-9ebb9a\\"><div class=\\"css-119vicx\\"></div><div class=\\"css-7qd4qk\\"></div><div class=\\"css-1ol73ma\\"></div><div class=\\"css-1ch7kc6\\"></div><div class=\\"css-1bs6bws\\"></div><div class=\\"css-jq7hsu\\"></div></div></div></main></div>"`;
